
> my-react-app@0.0.0 build
> vite build

[36mvite v8.1.5 [32mbuilding client environment for production...[36m[39m
[2K
transforming...Ô£ô 2204 modules transformed.
rendering chunks...
computing gzip size...
dist/index.html                   1.06 kB Ôöé gzip:   0.51 kB
dist/assets/index-Dn-maGRB.css   44.60 kB Ôöé gzip:   8.24 kB
dist/assets/index-Cacy4vy6.js   441.98 kB Ôöé gzip: 133.47 kB

[32mÔ£ô built in 779ms[39m
